[
  {
    id: '100d184f-c891-4843-9731-3897591aa4f5',
    title: 'kk',
    description: 'kk',
    survey_link: 'https://docs.google.com/forms/d/1R-9Py336b4yt00eUmYLxXla1TatohRcYskTam-FKKMs/edit?ts=69e3e2b1',
    completion_code: 'll',
    platform: 'Google Forms',
    reward_amount: '18.5',
    estimated_time: 5,
    total_cost: '24975',
    status: 'active',
    created_at: 2026-04-18T21:00:08.837Z,
    creator_id: '75d401ce-7c05-4c67-b8dd-265d299b5dbc',
    target_audience: 999,
    target_gender: [ 'kadin' ],
    target_age_group: [],
    target_city: [],
    target_occupation: [],
    target_education: [],
    target_employment_status: [],
    target_sector: [],
    target_position: [],
    target_marital_status: [],
    target_child_count: [],
    target_income: [],
    duration: '10_14_dk',
    video_conference_optin: false,
    creator_name: 'ABDELRAHMAN ABDELRAHMAN',
    submission_count: 0
  },
  {
    id: '71c1868f-e6a6-4a5b-b25f-125f95484d4f',
    title: 'erkek anketi',
    description: 'Erkekler girebilir',
    survey_link: 'Erkek linki',
    completion_code: 'POLTEM833528',
    platform: 'Google Forms',
    reward_amount: '18.5',
    estimated_time: 5,
    total_cost: '12500',
    status: 'active',
    created_at: 2026-04-18T20:58:23.914Z,
    creator_id: '4493f459-d874-4cf8-a8bd-bf3b4dacd16f',
    target_audience: 500,
    target_gender: [ 'erkek' ],
    target_age_group: [],
    target_city: [],
    target_occupation: [],
    target_education: [],
    target_employment_status: [],
    target_sector: [],
    target_position: [],
    target_marital_status: [],
    target_child_count: [],
    target_income: [],
    duration: '15_19_dk',
    video_conference_optin: false,
    creator_name: 'Tuba ince',
    submission_count: 0
  },
  {
    id: '12ab51eb-1162-41a6-a0df-ddf98bd66a5e',
    title: 'T├╝keticilerin online al─▒┼ƒveri┼ƒ davran─▒┼ƒlar─▒n─▒n ara┼ƒt─▒r─▒lmas─▒.',
    description: 'Deneme',
    survey_link: 'https://forms.gle/hPJMmWwDAAcZBAte7',
    completion_code: 'POLTEM429212',
    platform: 'Google Forms',
    reward_amount: '25',
    estimated_time: 5,
    total_cost: null,
    status: 'pending',
    created_at: 2026-04-18T19:22:51.457Z,
    creator_id: '4493f459-d874-4cf8-a8bd-bf3b4dacd16f',
    target_audience: 400,
    target_gender: [ 'kadin', 'erkek' ],
    target_age_group: [ '18_24', '25_34', '35_44', '45_54', '55_ustu' ],
    target_city: [
      'adana',      'adiyaman',      'afyonkarahisar', 'agri',
      'amasya',     'ankara',        'antalya',        'artvin',
      'aydin',      'balikesir',     'bilecik',        'bingol',
      'bitlis',     'bolu',          'burdur',         'bursa',
      'canakkale',  'cankiri',       'corum',          'denizli',
      'diyarbakir', 'edirne',        'elazig',         'erzincan',
      'erzurum',    'eskisehir',     'gaziantep',      'giresun',
      'gumushane',  'hakkari',       'hatay',          'isparta',
      'mersin',     'istanbul',      'izmir',          'kars',
      'kastamonu',  'kayseri',       'kirklareli',     'kirsehir',
      'kocaeli',    'konya',         'kutahya',        'malatya',
      'manisa',     'kahramanmaras', 'mardin',         'mugla',
      'mus',        'nevsehir',      'nigde',          'ordu',
      'rize',       'sakarya',       'samsun',         'siirt',
      'sinop',      'sivas',         'tekirdag',       'tokat',
      'trabzon',    'tunceli',       'sanliurfa',      'usak',
      'van',        'yozgat',        'zonguldak',      'aksaray',
      'bayburt',    'karaman',       'kirikkale',      'batman',
      'sirnak',     'bartin',        'ardahan',        'igdir',
      'yalova',     'karabuk',       'kilis',          'osmaniye',
      'duzce'
    ],
    target_occupation: [
      'akademisyen',
      'asker',
      'avukat',
      'bankacilik_finans_uzmani',
      'ciftci',
      'diger',
      'dis_hekimi',
      'doktor',
      'eczaci',
      'esnaf',
      'hakim',
      'hemsire',
      'insan_kaynaklari_uzmani',
      'isci',
      'mimar',
      'muhasebeci_mali_musavir',
      'muhendis',
      'ogretmen',
      'polis',
      'psikolog',
      'satis_pazarlama_halkla_iliskiler',
      'serbest_meslek',
      'teknisyen_tekniker_tasarimci',
      'yazilimci_bilisim_uzmani'
    ],
    target_education: [
      'ilkokul',
      'ortaokul',
      'lise',
      'onlisans',
      'lisans',
      'yuksek_lisans',
      'doktora'
    ],
    target_employment_status: [ 'calisiyor', 'calismiyor', 'ogrenci', 'emekli', 'ev_hanimi' ],
    target_sector: [
      'ozel_sektor',
      'kamu_sektoru',
      'isletme_sahibi_esnaf_zanaatkar_kendi_isi'
    ],
    target_position: [
      'girisimci_isletme_sahibi',
      'ust_duzey_yonetici',
      'orta_duzey_yonetici',
      'alt_duzey_yonetici_takim_lideri',
      'calisan'
    ],
    target_marital_status: [ 'evli', 'bekar' ],
    target_child_count: [ '0', '1', '2', '3', '4', '5+' ],
    target_income: [
      '0_40000',
      '40001_80000',
      '80001_120000',
      '120001_160000',
      '160001_uzeri'
    ],
    duration: '0_4_dk',
    video_conference_optin: false,
    creator_name: 'Tuba ince',
    submission_count: 3
  },
  {
    id: '779f9901-6adf-41cf-8f94-fe93e704600a',
    title: 'Bildirim deneme',
    description: 'bildirim',
    survey_link: 'deneme',
    completion_code: 'POLTEM756369',
    platform: 'Google Forms',
    reward_amount: '25',
    estimated_time: 5,
    total_cost: null,
    status: 'pending',
    created_at: 2026-04-18T09:51:40.578Z,
    creator_id: '4493f459-d874-4cf8-a8bd-bf3b4dacd16f',
    target_audience: 10,
    target_gender: [ 'kadin', 'erkek' ],
    target_age_group: [ '18_24', '25_34', '35_44', '45_54', '55_ustu' ],
    target_city: [
      'adana',      'adiyaman',      'afyonkarahisar', 'agri',
      'amasya',     'ankara',        'antalya',        'artvin',
      'aydin',      'balikesir',     'bilecik',        'bingol',
      'bitlis',     'bolu',          'burdur',         'bursa',
      'canakkale',  'cankiri',       'corum',          'denizli',
      'diyarbakir', 'edirne',        'elazig',         'erzincan',
      'erzurum',    'eskisehir',     'gaziantep',      'giresun',
      'gumushane',  'hakkari',       'hatay',          'isparta',
      'mersin',     'istanbul',      'izmir',          'kars',
      'kastamonu',  'kayseri',       'kirklareli',     'kirsehir',
      'kocaeli',    'konya',         'kutahya',        'malatya',
      'manisa',     'kahramanmaras', 'mardin',         'mugla',
      'mus',        'nevsehir',      'nigde',          'ordu',
      'rize',       'sakarya',       'samsun',         'siirt',
      'sinop',      'sivas',         'tekirdag',       'tokat',
      'trabzon',    'tunceli',       'sanliurfa',      'usak',
      'van',        'yozgat',        'zonguldak',      'aksaray',
      'bayburt',    'karaman',       'kirikkale',      'batman',
      'sirnak',     'bartin',        'ardahan',        'igdir',
      'yalova',     'karabuk',       'kilis',          'osmaniye',
      'duzce'
    ],
    target_occupation: [
      'akademisyen',
      'asker',
      'avukat',
      'bankacilik_finans_uzmani',
      'ciftci',
      'diger',
      'dis_hekimi',
      'doktor',
      'eczaci',
      'esnaf',
      'hakim',
      'hemsire',
      'insan_kaynaklari_uzmani',
      'isci',
      'mimar',
      'muhasebeci_mali_musavir',
      'muhendis',
      'ogretmen',
      'polis',
      'psikolog',
      'satis_pazarlama_halkla_iliskiler',
      'serbest_meslek',
      'teknisyen_tekniker_tasarimci',
      'yazilimci_bilisim_uzmani'
    ],
    target_education: [
      'ilkokul',
      'ortaokul',
      'lise',
      'onlisans',
      'lisans',
      'yuksek_lisans',
      'doktora'
    ],
    target_employment_status: [ 'calisiyor', 'calismiyor', 'ogrenci', 'emekli', 'ev_hanimi' ],
    target_sector: [
      'ozel_sektor',
      'kamu_sektoru',
      'isletme_sahibi_esnaf_zanaatkar_kendi_isi'
    ],
    target_position: [
      'girisimci_isletme_sahibi',
      'ust_duzey_yonetici',
      'orta_duzey_yonetici',
      'alt_duzey_yonetici_takim_lideri',
      'calisan'
    ],
    target_marital_status: [ 'evli', 'bekar' ],
    target_child_count: [ '0', '1', '2', '3', '4', '5+' ],
    target_income: [
      '0_40000',
      '40001_80000',
      '80001_120000',
      '120001_160000',
      '160001_uzeri'
    ],
    duration: '0_4_dk',
    video_conference_optin: false,
    creator_name: 'Tuba ince',
    submission_count: 0
  },
  {
    id: 'f3b08aab-d4a4-4842-84cd-2a3e0f53d7db',
    title: 'Deneme 18 nisan',
    description: 'Iban haric her sey iyi',
    survey_link: 'dfgdgdfgfdgd',
    completion_code: 'POLTEM063780',
    platform: 'Google Forms',
    reward_amount: '25',
    estimated_time: 5,
    total_cost: null,
    status: 'pending',
    created_at: 2026-04-18T07:39:23.566Z,
    creator_id: '693bfcd0-50eb-4764-9006-5d317dbf3f81',
    target_audience: 225,
    target_gender: [ 'kadin', 'erkek' ],
    target_age_group: [ '25_34' ],
    target_city: [
      'adana',      'adiyaman',      'afyonkarahisar', 'agri',
      'amasya',     'ankara',        'antalya',        'artvin',
      'aydin',      'balikesir',     'bilecik',        'bingol',
      'bitlis',     'bolu',          'burdur',         'bursa',
      'canakkale',  'cankiri',       'corum',          'denizli',
      'diyarbakir', 'edirne',        'elazig',         'erzincan',
      'erzurum',    'eskisehir',     'gaziantep',      'giresun',
      'gumushane',  'hakkari',       'hatay',          'isparta',
      'mersin',     'istanbul',      'izmir',          'kars',
      'kastamonu',  'kayseri',       'kirklareli',     'kirsehir',
      'kocaeli',    'konya',         'kutahya',        'malatya',
      'manisa',     'kahramanmaras', 'mardin',         'mugla',
      'mus',        'nevsehir',      'nigde',          'ordu',
      'rize',       'sakarya',       'samsun',         'siirt',
      'sinop',      'sivas',         'tekirdag',       'tokat',
      'trabzon',    'tunceli',       'sanliurfa',      'usak',
      'van',        'yozgat',        'zonguldak',      'aksaray',
      'bayburt',    'karaman',       'kirikkale',      'batman',
      'sirnak',     'bartin',        'ardahan',        'igdir',
      'yalova',     'karabuk',       'kilis',          'osmaniye',
      'duzce'
    ],
    target_occupation: [
      'akademisyen',
      'asker',
      'avukat',
      'bankacilik_finans_uzmani',
      'ciftci',
      'diger',
      'dis_hekimi',
      'doktor',
      'eczaci',
      'esnaf',
      'hakim',
      'hemsire',
      'insan_kaynaklari_uzmani',
      'isci',
      'mimar',
      'muhasebeci_mali_musavir',
      'muhendis',
      'ogretmen',
      'polis',
      'psikolog',
      'satis_pazarlama_halkla_iliskiler',
      'serbest_meslek',
      'teknisyen_tekniker_tasarimci',
      'yazilimci_bilisim_uzmani'
    ],
    target_education: [ 'lise' ],
    target_employment_status: [ 'calisiyor' ],
    target_sector: [
      'ozel_sektor',
      'kamu_sektoru',
      'isletme_sahibi_esnaf_zanaatkar_kendi_isi'
    ],
    target_position: [
      'girisimci_isletme_sahibi',
      'ust_duzey_yonetici',
      'orta_duzey_yonetici',
      'alt_duzey_yonetici_takim_lideri',
      'calisan'
    ],
    target_marital_status: [ 'evli', 'bekar' ],
    target_child_count: [ '0' ],
    target_income: [ '40001_80000' ],
    duration: '5_9_dk',
    video_conference_optin: false,
    creator_name: 'Mehmet Korkut',
    submission_count: 0
  },
  {
    id: 'fda9bf7d-2ef7-4666-a5f1-115d01012efb',
    title: '111',
    description: '├û─ƒrencilere yapmak istiyorum bana ula┼ƒ─▒n',
    survey_link: 'https://forms.gle/yUtCzxEc5afBegz76',
    completion_code: 'POLTEM307809',
    platform: 'Google Forms',
    reward_amount: '25',
    estimated_time: 5,
    total_cost: null,
    status: 'active',
    created_at: 2026-04-17T20:21:38.196Z,
    creator_id: '87a9f817-5586-42d0-a282-d76f90a41541',
    target_audience: 450,
    target_gender: [ 'kadin', 'erkek' ],
    target_age_group: [ '18_24' ],
    target_city: [ 'adiyaman' ],
    target_occupation: [],
    target_education: [ 'onlisans' ],
    target_employment_status: [ 'calismiyor' ],
    target_sector: [],
    target_position: [],
    target_marital_status: [ 'evli', 'bekar' ],
    target_child_count: [ '3' ],
    target_income: [ '0_40000' ],
    duration: '0_4_dk',
    video_conference_optin: false,
    creator_name: 'volkan temizkan',
    submission_count: 1
  },
  {
    id: 'e730a593-2284-43d2-a441-fd954f51ff8d',
    title: '16 nisan deneme',
    description: 'Bu anket ├╝niversitesi ├╢─ƒrencileri ne yap─▒lacakt─▒r.',
    survey_link: 'www.poltemakademi.com.tr',
    completion_code: 'POLTEM556552',
    platform: 'Google Forms',
    reward_amount: '25',
    estimated_time: 5,
    total_cost: null,
    status: 'active',
    created_at: 2026-04-16T15:34:41.950Z,
    creator_id: '87a9f817-5586-42d0-a282-d76f90a41541',
    target_audience: 384,
    target_gender: null,
    target_age_group: [ '18_24', '25_34', '35_44', '45_54', '55_ustu' ],
    target_city: [
      'adana',      'adiyaman',      'afyonkarahisar', 'agri',
      'amasya',     'ankara',        'antalya',        'artvin',
      'aydin',      'balikesir',     'bilecik',        'bingol',
      'bitlis',     'bolu',          'burdur',         'bursa',
      'canakkale',  'cankiri',       'corum',          'denizli',
      'diyarbakir', 'edirne',        'elazig',         'erzincan',
      'erzurum',    'eskisehir',     'gaziantep',      'giresun',
      'gumushane',  'hakkari',       'hatay',          'isparta',
      'mersin',     'istanbul',      'izmir',          'kars',
      'kastamonu',  'kayseri',       'kirklareli',     'kirsehir',
      'kocaeli',    'konya',         'kutahya',        'malatya',
      'manisa',     'kahramanmaras', 'mardin',         'mugla',
      'mus',        'nevsehir',      'nigde',          'ordu',
      'rize',       'sakarya',       'samsun',         'siirt',
      'sinop',      'sivas',         'tekirdag',       'tokat',
      'trabzon',    'tunceli',       'sanliurfa',      'usak',
      'van',        'yozgat',        'zonguldak',      'aksaray',
      'bayburt',    'karaman',       'kirikkale',      'batman',
      'sirnak',     'bartin',        'ardahan',        'igdir',
      'yalova',     'karabuk',       'kilis',          'osmaniye',
      'duzce'
    ],
    target_occupation: [
      'akademisyen',
      'asker',
      'avukat',
      'bankacilik_finans_uzmani',
      'ciftci',
      'diger',
      'dis_hekimi',
      'doktor',
      'eczaci',
      'esnaf',
      'hakim',
      'hemsire',
      'insan_kaynaklari_uzmani',
      'isci',
      'mimar',
      'muhasebeci_mali_musavir',
      'muhendis',
      'ogretmen',
      'polis',
      'psikolog',
      'satis_pazarlama_halkla_iliskiler',
      'serbest_meslek',
      'teknisyen_tekniker_tasarimci',
      'yazilimci_bilisim_uzmani'
    ],
    target_education: [
      'ilkokul',
      'ortaokul',
      'lise',
      'onlisans',
      'lisans',
      'yuksek_lisans',
      'doktora'
    ],
    target_employment_status: [ 'calisiyor', 'calismiyor', 'ogrenci', 'emekli', 'ev_hanimi' ],
    target_sector: [
      'ozel_sektor',
      'kamu_sektoru',
      'isletme_sahibi_esnaf_zanaatkar_kendi_isi'
    ],
    target_position: [
      'girisimci_isletme_sahibi',
      'ust_duzey_yonetici',
      'orta_duzey_yonetici',
      'alt_duzey_yonetici_takim_lideri',
      'calisan'
    ],
    target_marital_status: [ 'evli', 'bekar' ],
    target_child_count: [ '0', '1', '2', '3', '4', '5+' ],
    target_income: [
      '0_40000',
      '40001_80000',
      '80001_120000',
      '120001_160000',
      '160001_uzeri'
    ],
    duration: '0_4_dk',
    video_conference_optin: false,
    creator_name: 'volkan temizkan',
    submission_count: 1
  },
  {
    id: '4ef948af-3c31-4e84-8c80-8a3f80a8a276',
    title: 'Hangi bur├ºsunuz',
    description: 'Bu anket test ama├ºl poltem akademi tarafndan yaynlanmtr',
    survey_link: 'https://forms.gle/MHjQkFd9fW4cab3v8',
    completion_code: 'POLTEM416196',
    platform: 'Google Forms',
    reward_amount: '25',
    estimated_time: 5,
    total_cost: null,
    status: 'active',
    created_at: 2026-04-15T11:58:18.136Z,
    creator_id: '4493f459-d874-4cf8-a8bd-bf3b4dacd16f',
    target_audience: 400,
    target_gender: null,
    target_age_group: [ '18_24', '25_34', '35_44', '45_54', '55_ustu' ],
    target_city: [
      'adana',      'adiyaman',      'afyonkarahisar', 'agri',
      'amasya',     'ankara',        'antalya',        'artvin',
      'aydin',      'balikesir',     'bilecik',        'bingol',
      'bitlis',     'bolu',          'burdur',         'bursa',
      'canakkale',  'cankiri',       'corum',          'denizli',
      'diyarbakir', 'edirne',        'elazig',         'erzincan',
      'erzurum',    'eskisehir',     'gaziantep',      'giresun',
      'gumushane',  'hakkari',       'hatay',          'isparta',
      'mersin',     'istanbul',      'izmir',          'kars',
      'kastamonu',  'kayseri',       'kirklareli',     'kirsehir',
      'kocaeli',    'konya',         'kutahya',        'malatya',
      'manisa',     'kahramanmaras', 'mardin',         'mugla',
      'mus',        'nevsehir',      'nigde',          'ordu',
      'rize',       'sakarya',       'samsun',         'siirt',
      'sinop',      'sivas',         'tekirdag',       'tokat',
      'trabzon',    'tunceli',       'sanliurfa',      'usak',
      'van',        'yozgat',        'zonguldak',      'aksaray',
      'bayburt',    'karaman',       'kirikkale',      'batman',
      'sirnak',     'bartin',        'ardahan',        'igdir',
      'yalova',     'karabuk',       'kilis',          'osmaniye',
      'duzce'
    ],
    target_occupation: [
      'akademisyen',
      'asker',
      'avukat',
      'bankacilik_finans_uzmani',
      'ciftci',
      'diger',
      'dis_hekimi',
      'doktor',
      'eczaci',
      'esnaf',
      'hakim',
      'hemsire',
      'insan_kaynaklari_uzmani',
      'isci',
      'mimar',
      'muhasebeci_mali_musavir',
      'muhendis',
      'ogretmen',
      'polis',
      'psikolog',
      'satis_pazarlama_halkla_iliskiler',
      'serbest_meslek',
      'teknisyen_tekniker_tasarimci',
      'yazilimci_bilisim_uzmani'
    ],
    target_education: [
      'ilkokul',
      'ortaokul',
      'lise',
      'onlisans',
      'lisans',
      'yuksek_lisans',
      'doktora'
    ],
    target_employment_status: [ 'calisiyor', 'calismiyor', 'ogrenci', 'emekli', 'ev_hanimi' ],
    target_sector: [
      'ozel_sektor',
      'kamu_sektoru',
      'isletme_sahibi_esnaf_zanaatkar_kendi_isi'
    ],
    target_position: [
      'girisimci_isletme_sahibi',
      'ust_duzey_yonetici',
      'orta_duzey_yonetici',
      'alt_duzey_yonetici_takim_lideri',
      'calisan'
    ],
    target_marital_status: [ 'evli', 'bekar', 'belirtmek_istemiyor' ],
    target_child_count: [ '0', '1', '2', '3', '4', '5+' ],
    target_income: [
      '0_40000',
      '40001_80000',
      '80001_120000',
      '120001_160000',
      '160001_uzeri'
    ],
    duration: '0_4_dk',
    video_conference_optin: false,
    creator_name: 'Tuba ince',
    submission_count: 3
  },
  {
    id: 'bd47a0d3-434f-4072-95d7-318e28bf39bb',
    title: 'Onay kodu kalkt',
    description: 'lsjrgodhr',
    survey_link: 'ldkhfldohgjfgh',
    completion_code: 'POLTEM546099',
    platform: 'Google Forms',
    reward_amount: '25',
    estimated_time: 5,
    total_cost: null,
    status: 'pending',
    created_at: 2026-04-08T12:43:17.045Z,
    creator_id: '4493f459-d874-4cf8-a8bd-bf3b4dacd16f',
    target_audience: 400,
    target_gender: null,
    target_age_group: [ '18_24', '25_34', '35_44', '45_54', '55_ustu' ],
    target_city: [
      'adana',      'adiyaman',      'afyonkarahisar', 'agri',
      'amasya',     'ankara',        'antalya',        'artvin',
      'aydin',      'balikesir',     'bilecik',        'bingol',
      'bitlis',     'bolu',          'burdur',         'bursa',
      'canakkale',  'cankiri',       'corum',          'denizli',
      'diyarbakir', 'edirne',        'elazig',         'erzincan',
      'erzurum',    'eskisehir',     'gaziantep',      'giresun',
      'gumushane',  'hakkari',       'hatay',          'isparta',
      'mersin',     'istanbul',      'izmir',          'kars',
      'kastamonu',  'kayseri',       'kirklareli',     'kirsehir',
      'kocaeli',    'konya',         'kutahya',        'malatya',
      'manisa',     'kahramanmaras', 'mardin',         'mugla',
      'mus',        'nevsehir',      'nigde',          'ordu',
      'rize',       'sakarya',       'samsun',         'siirt',
      'sinop',      'sivas',         'tekirdag',       'tokat',
      'trabzon',    'tunceli',       'sanliurfa',      'usak',
      'van',        'yozgat',        'zonguldak',      'aksaray',
      'bayburt',    'karaman',       'kirikkale',      'batman',
      'sirnak',     'bartin',        'ardahan',        'igdir',
      'yalova',     'karabuk',       'kilis',          'osmaniye',
      'duzce'
    ],
    target_occupation: [
      'akademisyen',
      'asker',
      'avukat',
      'bankacilik_finans_uzmani',
      'ciftci',
      'diger',
      'dis_hekimi',
      'doktor',
      'eczaci',
      'esnaf',
      'hakim',
      'hemsire',
      'insan_kaynaklari_uzmani',
      'isci',
      'mimar',
      'muhasebeci_mali_musavir',
      'muhendis',
      'ogretmen',
      'polis',
      'psikolog',
      'satis_pazarlama_halkla_iliskiler',
      'serbest_meslek',
      'teknisyen_tekniker_tasarimci',
      'yazilimci_bilisim_uzmani'
    ],
    target_education: [
      'ilkokul',
      'ortaokul',
      'lise',
      'onlisans',
      'lisans',
      'yuksek_lisans',
      'doktora'
    ],
    target_employment_status: [ 'calisiyor', 'calismiyor', 'ogrenci', 'emekli', 'ev_hanimi' ],
    target_sector: [
      'ozel_sektor',
      'kamu_sektoru',
      'isletme_sahibi_esnaf_zanaatkar_kendi_isi'
    ],
    target_position: [
      'girisimci_isletme_sahibi',
      'ust_duzey_yonetici',
      'orta_duzey_yonetici',
      'alt_duzey_yonetici_takim_lideri',
      'calisan'
    ],
    target_marital_status: [ 'evli', 'bekar' ],
    target_child_count: [ '0' ],
    target_income: [
      '0_40000',
      '40001_80000',
      '80001_120000',
      '120001_160000',
      '160001_uzeri'
    ],
    duration: '0_4_dk',
    video_conference_optin: false,
    creator_name: 'Tuba ince',
    submission_count: 0
  },
  {
    id: '99bc30ab-2993-4404-b29c-a51042ad0a6b',
    title: 'Gelece─ƒin ├çal─▒┼ƒma Modelleri ve Dijital G├╢├ºebelik',
    description: 'Pandemi sonras─▒ d├╢nemde tam zamanl─▒ ofis, hibrit ve uzaktan ├ºal─▒┼ƒma modellerinin ├ºal─▒┼ƒan verimlili─ƒi ve ruh sa─ƒl─▒─ƒ─▒ ├╝zerindeki etkilerini inceleyen bir ara┼ƒt─▒rma.',
    survey_link: 'https://forms.gle/LppNctywzuYCLYDQ7',
    completion_code: '123123123',
    platform: 'Google Forms',
    reward_amount: '27',
    estimated_time: 5,
    total_cost: null,
    status: 'active',
    created_at: 2026-04-03T08:54:39.293Z,
    creator_id: '87a9f817-5586-42d0-a282-d76f90a41541',
    target_audience: 400,
    target_gender: null,
    target_age_group: [ '18_24', '25_34', '35_44', '45_54', '55_ustu' ],
    target_city: [
      'adana',      'adiyaman',      'afyonkarahisar', 'agri',
      'amasya',     'ankara',        'antalya',        'artvin',
      'aydin',      'balikesir',     'bilecik',        'bingol',
      'bitlis',     'bolu',          'burdur',         'bursa',
      'canakkale',  'cankiri',       'corum',          'denizli',
      'diyarbakir', 'edirne',        'elazig',         'erzincan',
      'erzurum',    'eskisehir',     'gaziantep',      'giresun',
      'gumushane',  'hakkari',       'hatay',          'isparta',
      'mersin',     'istanbul',      'izmir',          'kars',
      'kastamonu',  'kayseri',       'kirklareli',     'kirsehir',
      'kocaeli',    'konya',         'kutahya',        'malatya',
      'manisa',     'kahramanmaras', 'mardin',         'mugla',
      'mus',        'nevsehir',      'nigde',          'ordu',
      'rize',       'sakarya',       'samsun',         'siirt',
      'sinop',      'sivas',         'tekirdag',       'tokat',
      'trabzon',    'tunceli',       'sanliurfa',      'usak',
      'van',        'yozgat',        'zonguldak',      'aksaray',
      'bayburt',    'karaman',       'kirikkale',      'batman',
      'sirnak',     'bartin',        'ardahan',        'igdir',
      'yalova',     'karabuk',       'kilis',          'osmaniye',
      'duzce'
    ],
    target_occupation: [
      'akademisyen',
      'asker',
      'avukat',
      'bankacilik_finans_uzmani',
      'ciftci',
      'diger',
      'dis_hekimi',
      'doktor',
      'eczaci',
      'esnaf',
      'hakim',
      'hemsire',
      'insan_kaynaklari_uzmani',
      'isci',
      'mimar',
      'muhasebeci_mali_musavir',
      'muhendis',
      'ogretmen',
      'polis',
      'psikolog',
      'satis_pazarlama_halkla_iliskiler',
      'serbest_meslek',
      'teknisyen_tekniker_tasarimci',
      'yazilimci_bilisim_uzmani'
    ],
    target_education: [
      'ilkokul',
      'ortaokul',
      'lise',
      'onlisans',
      'lisans',
      'yuksek_lisans',
      'doktora'
    ],
    target_employment_status: [ 'calisiyor' ],
    target_sector: [
      'ozel_sektor',
      'kamu_sektoru',
      'isletme_sahibi_esnaf_zanaatkar_kendi_isi'
    ],
    target_position: [ 'calisan' ],
    target_marital_status: [ 'evli', 'bekar' ],
    target_child_count: [ '0', '1', '2', '3', '4', '5+' ],
    target_income: [
      '0_40000',
      '40001_80000',
      '80001_120000',
      '120001_160000',
      '160001_uzeri'
    ],
    duration: '0_4_dk',
    video_conference_optin: false,
    creator_name: 'volkan temizkan',
    submission_count: 1
  },
  {
    id: '94e95d5a-cb73-4ce3-9d71-9793f082a0df',
    title: 'Cocuklarin gelisimi',
    description: 'Cocuklain gelisimi hakkindeki bu anketimizi doldurmanz bizim i├ºin onemli',
    survey_link: 'https://forms.gle/Y5Y3AwHo5XYmrbX5A',
    completion_code: '123123123',
    platform: 'Google Forms',
    reward_amount: '34',
    estimated_time: 10,
    total_cost: null,
    status: 'active',
    created_at: 2026-04-02T17:30:40.747Z,
    creator_id: '4493f459-d874-4cf8-a8bd-bf3b4dacd16f',
    target_audience: 500,
    target_gender: null,
    target_age_group: [ '18_24', '25_34', '35_44', '45_54', '55_ustu' ],
    target_city: [
      'adana',      'adiyaman',      'afyonkarahisar', 'agri',
      'amasya',     'ankara',        'antalya',        'artvin',
      'aydin',      'balikesir',     'bilecik',        'bingol',
      'bitlis',     'bolu',          'burdur',         'bursa',
      'canakkale',  'cankiri',       'corum',          'denizli',
      'diyarbakir', 'edirne',        'elazig',         'erzincan',
      'erzurum',    'eskisehir',     'gaziantep',      'giresun',
      'gumushane',  'hakkari',       'hatay',          'isparta',
      'mersin',     'istanbul',      'izmir',          'kars',
      'kastamonu',  'kayseri',       'kirklareli',     'kirsehir',
      'kocaeli',    'konya',         'kutahya',        'malatya',
      'manisa',     'kahramanmaras', 'mardin',         'mugla',
      'mus',        'nevsehir',      'nigde',          'ordu',
      'rize',       'sakarya',       'samsun',         'siirt',
      'sinop',      'sivas',         'tekirdag',       'tokat',
      'trabzon',    'tunceli',       'sanliurfa',      'usak',
      'van',        'yozgat',        'zonguldak',      'aksaray',
      'bayburt',    'karaman',       'kirikkale',      'batman',
      'sirnak',     'bartin',        'ardahan',        'igdir',
      'yalova',     'karabuk',       'kilis',          'osmaniye',
      'duzce'
    ],
    target_occupation: [
      'akademisyen',
      'asker',
      'avukat',
      'bankacilik_finans_uzmani',
      'ciftci',
      'diger',
      'dis_hekimi',
      'doktor',
      'eczaci',
      'esnaf',
      'hakim',
      'hemsire',
      'insan_kaynaklari_uzmani',
      'isci',
      'mimar',
      'muhasebeci_mali_musavir',
      'muhendis',
      'ogretmen',
      'polis',
      'psikolog',
      'satis_pazarlama_halkla_iliskiler',
      'serbest_meslek',
      'teknisyen_tekniker_tasarimci',
      'yazilimci_bilisim_uzmani'
    ],
    target_education: [
      'ilkokul',
      'ortaokul',
      'lise',
      'onlisans',
      'lisans',
      'yuksek_lisans',
      'doktora'
    ],
    target_employment_status: [ 'calisiyor', 'calismiyor', 'ogrenci', 'emekli', 'ev_hanimi' ],
    target_sector: [
      'ozel_sektor',
      'kamu_sektoru',
      'isletme_sahibi_esnaf_zanaatkar_kendi_isi'
    ],
    target_position: [
      'girisimci_isletme_sahibi',
      'ust_duzey_yonetici',
      'orta_duzey_yonetici',
      'alt_duzey_yonetici_takim_lideri',
      'calisan'
    ],
    target_marital_status: [ 'evli', 'bekar' ],
    target_child_count: [ '1', '2', '3', '4', '5+' ],
    target_income: [
      '0_40000',
      '40001_80000',
      '80001_120000',
      '120001_160000',
      '160001_uzeri'
    ],
    duration: '0_4_dk',
    video_conference_optin: false,
    creator_name: 'Tuba ince',
    submission_count: 2
  },
  {
    id: '0304ae1d-7ee3-4962-aa5d-da41db71b323',
    title: 'S├╝rd├╝r├╝lebilir T├╝ketim ve "Zero-Waste" Al─▒┼ƒkanl─▒klar─▒',
    description: 'Bireylerin g├╝nl├╝k hayatta plastik kullan─▒m─▒n─▒ azaltma, geri d├╢n├╝┼ƒ├╝m ve s├╝rd├╝r├╝lebilir marka tercihlerine y├╢nelik e─ƒilimlerini analiz eder. Kat─▒l─▒mc─▒lar─▒n ├ºevre dostu ├╝r├╝nler i├ºin daha fazla ├╢deme yapmaya ne kadar istekli oldu─ƒu sorgulanmaktad─▒r.',
    survey_link: 'MALGONDERMMALGONDERM',
    completion_code: '8888888',
    platform: 'Google Forms',
    reward_amount: '40',
    estimated_time: 15,
    total_cost: null,
    status: 'active',
    created_at: 2026-04-02T15:03:58.748Z,
    creator_id: '4493f459-d874-4cf8-a8bd-bf3b4dacd16f',
    target_audience: 500,
    target_gender: null,
    target_age_group: [ '18_24', '25_34', '35_44', '45_54', '55_ustu' ],
    target_city: [
      'adana',      'adiyaman',      'afyonkarahisar', 'agri',
      'amasya',     'ankara',        'antalya',        'artvin',
      'aydin',      'balikesir',     'bilecik',        'bingol',
      'bitlis',     'bolu',          'burdur',         'bursa',
      'canakkale',  'cankiri',       'corum',          'denizli',
      'diyarbakir', 'edirne',        'elazig',         'erzincan',
      'erzurum',    'eskisehir',     'gaziantep',      'giresun',
      'gumushane',  'hakkari',       'hatay',          'isparta',
      'mersin',     'istanbul',      'izmir',          'kars',
      'kastamonu',  'kayseri',       'kirklareli',     'kirsehir',
      'kocaeli',    'konya',         'kutahya',        'malatya',
      'manisa',     'kahramanmaras', 'mardin',         'mugla',
      'mus',        'nevsehir',      'nigde',          'ordu',
      'rize',       'sakarya',       'samsun',         'siirt',
      'sinop',      'sivas',         'tekirdag',       'tokat',
      'trabzon',    'tunceli',       'sanliurfa',      'usak',
      'van',        'yozgat',        'zonguldak',      'aksaray',
      'bayburt',    'karaman',       'kirikkale',      'batman',
      'sirnak',     'bartin',        'ardahan',        'igdir',
      'yalova',     'karabuk',       'kilis',          'osmaniye',
      'duzce'
    ],
    target_occupation: [
      'akademisyen',
      'asker',
      'avukat',
      'bankacilik_finans_uzmani',
      'ciftci',
      'diger',
      'dis_hekimi',
      'doktor',
      'eczaci',
      'esnaf',
      'hakim',
      'hemsire',
      'insan_kaynaklari_uzmani',
      'isci',
      'mimar',
      'muhasebeci_mali_musavir',
      'muhendis',
      'ogretmen',
      'polis',
      'psikolog',
      'satis_pazarlama_halkla_iliskiler',
      'serbest_meslek',
      'teknisyen_tekniker_tasarimci',
      'yazilimci_bilisim_uzmani'
    ],
    target_education: [
      'ilkokul',
      'ortaokul',
      'lise',
      'onlisans',
      'lisans',
      'yuksek_lisans',
      'doktora'
    ],
    target_employment_status: [ 'calisiyor', 'calismiyor', 'ogrenci', 'emekli', 'ev_hanimi' ],
    target_sector: [
      'ozel_sektor',
      'kamu_sektoru',
      'isletme_sahibi_esnaf_zanaatkar_kendi_isi'
    ],
    target_position: [
      'girisimci_isletme_sahibi',
      'ust_duzey_yonetici',
      'orta_duzey_yonetici',
      'alt_duzey_yonetici_takim_lideri',
      'calisan'
    ],
    target_marital_status: [ 'evli', 'bekar' ],
    target_child_count: [ '0', '1', '2', '3', '4', '5+' ],
    target_income: [
      '0_40000',
      '40001_80000',
      '80001_120000',
      '120001_160000',
      '160001_uzeri'
    ],
    duration: '15_19_dk',
    video_conference_optin: false,
    creator_name: 'Tuba ince',
    submission_count: 0
  },
  {
    id: '38665563-5e01-4206-b752-15bcf9009ce5',
    title: 'Sehir t├╝m├╝',
    description: 'sehir t├╝m',
    survey_link: 'hodrghorsfhg',
    completion_code: '555555',
    platform: 'Google Forms',
    reward_amount: '47',
    estimated_time: 20,
    total_cost: null,
    status: 'pending',
    created_at: 2026-04-01T17:51:47.281Z,
    creator_id: '4493f459-d874-4cf8-a8bd-bf3b4dacd16f',
    target_audience: 555,
    target_gender: null,
    target_age_group: [ '18_24', '25_34', '35_44', '45_54', '55_ustu' ],
    target_city: [
      'adana',      'adiyaman',      'afyonkarahisar', 'agri',
      'amasya',     'ankara',        'antalya',        'artvin',
      'aydin',      'balikesir',     'bilecik',        'bingol',
      'bitlis',     'bolu',          'burdur',         'bursa',
      'canakkale',  'cankiri',       'corum',          'denizli',
      'diyarbakir', 'edirne',        'elazig',         'erzincan',
      'erzurum',    'eskisehir',     'gaziantep',      'giresun',
      'gumushane',  'hakkari',       'hatay',          'isparta',
      'mersin',     'istanbul',      'izmir',          'kars',
      'kastamonu',  'kayseri',       'kirklareli',     'kirsehir',
      'kocaeli',    'konya',         'kutahya',        'malatya',
      'manisa',     'kahramanmaras', 'mardin',         'mugla',
      'mus',        'nevsehir',      'nigde',          'ordu',
      'rize',       'sakarya',       'samsun',         'siirt',
      'sinop',      'sivas',         'tekirdag',       'tokat',
      'trabzon',    'tunceli',       'sanliurfa',      'usak',
      'van',        'yozgat',        'zonguldak',      'aksaray',
      'bayburt',    'karaman',       'kirikkale',      'batman',
      'sirnak',     'bartin',        'ardahan',        'igdir',
      'yalova',     'karabuk',       'kilis',          'osmaniye',
      'duzce'
    ],
    target_occupation: [
      'akademisyen',
      'asker',
      'avukat',
      'bankacilik_finans_uzmani',
      'ciftci',
      'diger',
      'dis_hekimi',
      'doktor',
      'eczaci',
      'esnaf',
      'hakim',
      'hemsire',
      'insan_kaynaklari_uzmani',
      'isci',
      'mimar',
      'muhasebeci_mali_musavir',
      'muhendis',
      'ogretmen',
      'polis',
      'psikolog',
      'satis_pazarlama_halkla_iliskiler',
      'serbest_meslek',
      'teknisyen_tekniker_tasarimci',
      'yazilimci_bilisim_uzmani'
    ],
    target_education: [
      'ilkokul',
      'ortaokul',
      'lise',
      'onlisans',
      'lisans',
      'yuksek_lisans',
      'doktora'
    ],
    target_employment_status: [ 'calisiyor', 'calismiyor', 'ogrenci', 'emekli', 'ev_hanimi' ],
    target_sector: [
      'ozel_sektor',
      'kamu_sektoru',
      'isletme_sahibi_esnaf_zanaatkar_kendi_isi'
    ],
    target_position: [
      'girisimci_isletme_sahibi',
      'ust_duzey_yonetici',
      'orta_duzey_yonetici',
      'alt_duzey_yonetici_takim_lideri',
      'calisan'
    ],
    target_marital_status: [ 'evli', 'bekar' ],
    target_child_count: [ '2' ],
    target_income: [
      '0_40000',
      '40001_80000',
      '80001_120000',
      '120001_160000',
      '160001_uzeri'
    ],
    duration: '15_19_dk',
    video_conference_optin: false,
    creator_name: 'Tuba ince',
    submission_count: 0
  },
  {
    id: 'b6a25df1-cae7-41df-a547-d1242f43803e',
    title: 'Dijital ─░├ºerik T├╝ketimi ve Platform Tercihleri',
    description: 'Geleneksel televizyon yay─▒nc─▒l─▒─ƒ─▒ndan dijital streaming (ak─▒┼ƒ) platformlar─▒na ge├ºi┼ƒ s├╝recini ele al─▒r. Kullan─▒c─▒lar─▒n i├ºerik se├ºerken algoritma ├╢nerilerine mi yoksa sosyal ├ºevre tavsiyelerine mi daha ├ºok g├╝vendi─ƒi ara┼ƒt─▒r─▒lmaktad─▒r.',
    survey_link: 'mailgonderimi',
    completion_code: '111111',
    platform: 'Google Forms',
    reward_amount: '47',
    estimated_time: 20,
    total_cost: null,
    status: 'active',
    created_at: 2026-04-01T16:07:44.969Z,
    creator_id: '4493f459-d874-4cf8-a8bd-bf3b4dacd16f',
    target_audience: 500,
    target_gender: null,
    target_age_group: [ '18_24', '25_34', '35_44', '45_54', '55_ustu' ],
    target_city: [ 'agri' ],
    target_occupation: [
      'akademisyen',
      'asker',
      'avukat',
      'bankacilik_finans_uzmani',
      'ciftci',
      'diger',
      'dis_hekimi',
      'doktor',
      'eczaci',
      'esnaf',
      'hakim',
      'hemsire',
      'insan_kaynaklari_uzmani',
      'isci',
      'mimar',
      'muhasebeci_mali_musavir',
      'muhendis',
      'ogretmen',
      'polis',
      'psikolog',
      'satis_pazarlama_halkla_iliskiler',
      'serbest_meslek',
      'teknisyen_tekniker_tasarimci',
      'yazilimci_bilisim_uzmani'
    ],
    target_education: [
      'ilkokul',
      'ortaokul',
      'lise',
      'onlisans',
      'lisans',
      'yuksek_lisans',
      'doktora'
    ],
    target_employment_status: [ 'calisiyor', 'calismiyor', 'ogrenci', 'emekli', 'ev_hanimi' ],
    target_sector: [
      'ozel_sektor',
      'kamu_sektoru',
      'isletme_sahibi_esnaf_zanaatkar_kendi_isi'
    ],
    target_position: [
      'girisimci_isletme_sahibi',
      'ust_duzey_yonetici',
      'orta_duzey_yonetici',
      'alt_duzey_yonetici_takim_lideri',
      'calisan'
    ],
    target_marital_status: [ 'evli', 'bekar' ],
    target_child_count: [ '2' ],
    target_income: [
      '0_40000',
      '40001_80000',
      '80001_120000',
      '120001_160000',
      '160001_uzeri'
    ],
    duration: '15_19_dk',
    video_conference_optin: false,
    creator_name: 'Tuba ince',
    submission_count: 0
  },
  {
    id: 'e2bb7e99-4def-4499-9bdd-38910bd45210',
    title: 'Hedef kitle deneme',
    description: 'Hedef deneme',
    survey_link: 'lsjdfkgdfs',
    completion_code: '3333333',
    platform: 'Google Forms',
    reward_amount: '25',
    estimated_time: 5,
    total_cost: null,
    status: 'active',
    created_at: 2026-03-31T17:58:31.089Z,
    creator_id: '4493f459-d874-4cf8-a8bd-bf3b4dacd16f',
    target_audience: 500,
    target_gender: null,
    target_age_group: [ '18_24', '25_34', '35_44', '45_54', '55_ustu' ],
    target_city: [ 'agri' ],
    target_occupation: [
      'akademisyen',
      'asker',
      'avukat',
      'bankacilik_finans_uzmani',
      'ciftci',
      'diger',
      'dis_hekimi',
      'doktor',
      'eczaci',
      'esnaf',
      'hakim',
      'hemsire',
      'insan_kaynaklari_uzmani',
      'isci',
      'mimar',
      'muhasebeci_mali_musavir',
      'muhendis',
      'ogretmen',
      'polis',
      'psikolog',
      'satis_pazarlama_halkla_iliskiler',
      'serbest_meslek',
      'teknisyen_tekniker_tasarimci',
      'yazilimci_bilisim_uzmani'
    ],
    target_education: [
      'ilkokul',
      'ortaokul',
      'lise',
      'onlisans',
      'lisans',
      'yuksek_lisans',
      'doktora'
    ],
    target_employment_status: [ 'calisiyor', 'calismiyor', 'ogrenci', 'emekli', 'ev_hanimi' ],
    target_sector: [
      'ozel_sektor',
      'kamu_sektoru',
      'isletme_sahibi_esnaf_zanaatkar_kendi_isi'
    ],
    target_position: [
      'girisimci_isletme_sahibi',
      'ust_duzey_yonetici',
      'orta_duzey_yonetici',
      'alt_duzey_yonetici_takim_lideri',
      'calisan'
    ],
    target_marital_status: [ 'evli', 'bekar' ],
    target_child_count: [ '2' ],
    target_income: [
      '0_40000',
      '40001_80000',
      '80001_120000',
      '120001_160000',
      '160001_uzeri'
    ],
    duration: '0_4_dk',
    video_conference_optin: false,
    creator_name: 'Tuba ince',
    submission_count: 0
  },
  {
    id: '9508da37-fcb8-4445-ba97-8111de75c0a8',
    title: 'Hedef kitle deneme',
    description: 'deneme',
    survey_link: 'jsoldjgodfg',
    completion_code: '787878',
    platform: 'Google Forms',
    reward_amount: '18.5',
    estimated_time: 5,
    total_cost: '500000',
    status: 'active',
    created_at: 2026-03-29T14:00:27.933Z,
    creator_id: '4493f459-d874-4cf8-a8bd-bf3b4dacd16f',
    target_audience: 20000,
    target_gender: [],
    target_age_group: [],
    target_city: [],
    target_occupation: [],
    target_education: [],
    target_employment_status: [],
    target_sector: [],
    target_position: [],
    target_marital_status: [],
    target_child_count: [],
    target_income: [],
    duration: '0_4_dk',
    video_conference_optin: false,
    creator_name: 'Tuba ince',
    submission_count: 0
  },
  {
    id: '261da211-6da5-49f4-a409-6d9f820114aa',
    title: '27 mart deneme',
    description: '27 mart deneme',
    survey_link: 'https://www.poltemakademi.com/surveys/new',
    completion_code: '27 mart deneme',
    platform: 'Google Forms',
    reward_amount: '25.0',
    estimated_time: 5,
    total_cost: null,
    status: 'pending',
    created_at: 2026-03-27T18:45:57.480Z,
    creator_id: 'd592a393-44f2-4e81-beca-278b1530b3f9',
    target_audience: 100,
    target_gender: null,
    target_age_group: [ '18_24', '25_34', '35_44', '45_54', '55_ustu' ],
    target_city: [
      'adana',      'adiyaman',      'afyonkarahisar', 'agri',
      'amasya',     'ankara',        'antalya',        'artvin',
      'aydin',      'balikesir',     'bilecik',        'bingol',
      'bitlis',     'bolu',          'burdur',         'bursa',
      'canakkale',  'cankiri',       'corum',          'denizli',
      'diyarbakir', 'edirne',        'elazig',         'erzincan',
      'erzurum',    'eskisehir',     'gaziantep',      'giresun',
      'gumushane',  'hakkari',       'hatay',          'isparta',
      'mersin',     'istanbul',      'izmir',          'kars',
      'kastamonu',  'kayseri',       'kirklareli',     'kirsehir',
      'kocaeli',    'konya',         'kutahya',        'malatya',
      'manisa',     'kahramanmaras', 'mardin',         'mugla',
      'mus',        'nevsehir',      'nigde',          'ordu',
      'rize',       'sakarya',       'samsun',         'siirt',
      'sinop',      'sivas',         'tekirdag',       'tokat',
      'trabzon',    'tunceli',       'sanliurfa',      'usak',
      'van',        'yozgat',        'zonguldak',      'aksaray',
      'bayburt',    'karaman',       'kirikkale',      'batman',
      'sirnak',     'bartin',        'ardahan',        'igdir',
      'yalova',     'karabuk',       'kilis',          'osmaniye',
      'duzce'
    ],
    target_occupation: [
      'akademisyen',
      'ogretmen',
      'doktor',
      'dis_hekimi',
      'hemsire',
      'eczaci',
      'psikolog',
      'avukat',
      'hakim',
      'polis',
      'asker',
      'muhendis',
      'mimar',
      'muhasebeci_mali_musavir',
      'yazilimci_bilisim_uzmani',
      'bankacilik_finans_uzmani',
      'insan_kaynaklari_uzmani',
      'satis_pazarlama_halkla_iliskiler',
      'teknisyen_tekniker_tasarimci',
      'serbest_meslek',
      'esnaf',
      'ciftci',
      'isci',
      'diger'
    ],
    target_education: [
      'ilkokul',
      'ortaokul',
      'lise',
      'onlisans',
      'lisans',
      'yuksek_lisans',
      'doktora'
    ],
    target_employment_status: [ 'calisiyor', 'calismiyor', 'ogrenci', 'emekli', 'ev_hanimi' ],
    target_sector: [
      'ozel_sektor',
      'kamu_sektoru',
      'isletme_sahibi_esnaf_zanaatkar_kendi_isi'
    ],
    target_position: [
      'girisimci_isletme_sahibi',
      'ust_duzey_yonetici',
      'orta_duzey_yonetici',
      'alt_duzey_yonetici_takim_lideri',
      'calisan'
    ],
    target_marital_status: [ 'evli', 'bekar' ],
    target_child_count: [ '0', '1', '2', '3', '4', '5+' ],
    target_income: [
      '0_40000',
      '40001_80000',
      '80001_120000',
      '120001_160000',
      '160001_uzeri'
    ],
    duration: '10_14_dk',
    video_conference_optin: false,
    creator_name: 'alper',
    submission_count: 0
  },
  {
    id: '9fa84fc4-372e-43e4-9d9f-c6406473cd65',
    title: '27 mart',
    description: '27 mart',
    survey_link: 'http://localhost:3000/surveys/new',
    completion_code: '27mart',
    platform: 'Google Forms',
    reward_amount: '25.0',
    estimated_time: 5,
    total_cost: null,
    status: 'pending',
    created_at: 2026-03-27T18:08:46.307Z,
    creator_id: 'd592a393-44f2-4e81-beca-278b1530b3f9',
    target_audience: 100,
    target_gender: null,
    target_age_group: [ '18_24', '25_34', '35_44', '45_54', '55_ustu' ],
    target_city: [
      'adana',      'adiyaman',      'afyonkarahisar', 'agri',
      'amasya',     'ankara',        'antalya',        'artvin',
      'aydin',      'balikesir',     'bilecik',        'bingol',
      'bitlis',     'bolu',          'burdur',         'bursa',
      'canakkale',  'cankiri',       'corum',          'denizli',
      'diyarbakir', 'edirne',        'elazig',         'erzincan',
      'erzurum',    'eskisehir',     'gaziantep',      'giresun',
      'gumushane',  'hakkari',       'hatay',          'isparta',
      'mersin',     'istanbul',      'izmir',          'kars',
      'kastamonu',  'kayseri',       'kirklareli',     'kirsehir',
      'kocaeli',    'konya',         'kutahya',        'malatya',
      'manisa',     'kahramanmaras', 'mardin',         'mugla',
      'mus',        'nevsehir',      'nigde',          'ordu',
      'rize',       'sakarya',       'samsun',         'siirt',
      'sinop',      'sivas',         'tekirdag',       'tokat',
      'trabzon',    'tunceli',       'sanliurfa',      'usak',
      'van',        'yozgat',        'zonguldak',      'aksaray',
      'bayburt',    'karaman',       'kirikkale',      'batman',
      'sirnak',     'bartin',        'ardahan',        'igdir',
      'yalova',     'karabuk',       'kilis',          'osmaniye',
      'duzce'
    ],
    target_occupation: null,
    target_education: [ 'ilkokul' ],
    target_employment_status: [ 'calismiyor' ],
    target_sector: [],
    target_position: null,
    target_marital_status: [ 'evli', 'bekar' ],
    target_child_count: [ '5+' ],
    target_income: [ '0_40000', '120001_160000' ],
    duration: '5_9_dk',
    video_conference_optin: false,
    creator_name: 'alper',
    submission_count: 0
  },
  {
    id: '8179309a-24d6-48cd-9f25-fb031a13c389',
    title: 'HEPSI',
    description: 'HEPSI',
    survey_link: 'HEPSI',
    completion_code: '787878',
    platform: 'Google Forms',
    reward_amount: '25',
    estimated_time: 5,
    total_cost: null,
    status: 'pending',
    created_at: 2026-03-27T12:11:42.506Z,
    creator_id: '4493f459-d874-4cf8-a8bd-bf3b4dacd16f',
    target_audience: null,
    target_gender: null,
    target_age_group: [ '18_24', '25_34', '35_44', '45_54', '55_ustu' ],
    target_city: [ 'adana', 'adiyaman' ],
    target_occupation: [
      'akademisyen',
      'asker',
      'avukat',
      'bankacilik_finans_uzmani',
      'ciftci',
      'diger',
      'dis_hekimi',
      'doktor',
      'eczaci',
      'esnaf',
      'hakim',
      'hemsire',
      'insan_kaynaklari_uzmani',
      'isci',
      'mimar',
      'muhasebeci_mali_musavir',
      'muhendis',
      'ogretmen',
      'polis',
      'psikolog',
      'satis_pazarlama_halkla_iliskiler',
      'serbest_meslek',
      'teknisyen_tekniker_tasarimci',
      'yazilimci_bilisim_uzmani'
    ],
    target_education: [
      'ilkokul',
      'ortaokul',
      'lise',
      'onlisans',
      'lisans',
      'yuksek_lisans',
      'doktora'
    ],
    target_employment_status: [ 'calisiyor', 'calismiyor', 'ogrenci', 'emekli', 'ev_hanimi' ],
    target_sector: [],
    target_position: [
      'girisimci_isletme_sahibi',
      'ust_duzey_yonetici',
      'orta_duzey_yonetici',
      'alt_duzey_yonetici_takim_lideri',
      'calisan'
    ],
    target_marital_status: [ 'evli', 'bekar' ],
    target_child_count: [ '0', '1', '2', '3', '4', '5+' ],
    target_income: [
      '0_40000',
      '40001_80000',
      '80001_120000',
      '120001_160000',
      '160001_uzeri'
    ],
    duration: null,
    video_conference_optin: false,
    creator_name: 'Tuba ince',
    submission_count: 0
  },
  {
    id: '09402117-80e6-4003-8cc3-5c2efbb22c22',
    title: 'Hepsi i├ºin deneme',
    description: 'hepsi',
    survey_link: 'hepsihepsi',
    completion_code: '787878',
    platform: 'Google Forms',
    reward_amount: '25',
    estimated_time: 5,
    total_cost: null,
    status: 'pending',
    created_at: 2026-03-27T12:05:26.850Z,
    creator_id: '4493f459-d874-4cf8-a8bd-bf3b4dacd16f',
    target_audience: null,
    target_gender: null,
    target_age_group: [ '18_24', '25_34', '35_44', '45_54', '55_ustu' ],
    target_city: [ 'adana', 'adiyaman', 'afyonkarahisar' ],
    target_occupation: [],
    target_education: [
      'ilkokul',
      'ortaokul',
      'lise',
      'onlisans',
      'lisans',
      'yuksek_lisans',
      'doktora'
    ],
    target_employment_status: [ 'calisiyor', 'calismiyor', 'ogrenci', 'emekli', 'ev_hanimi' ],
    target_sector: [],
    target_position: [],
    target_marital_status: [ 'evli', 'bekar' ],
    target_child_count: [ '0', '1', '2', '3', '4', '5+' ],
    target_income: [
      '0_40000',
      '40001_80000',
      '80001_120000',
      '120001_160000',
      '160001_uzeri'
    ],
    duration: null,
    video_conference_optin: false,
    creator_name: 'Tuba ince',
    submission_count: 0
  },
  {
    id: '5ac2c010-2d8f-4b14-a2d1-1799abe7c7c1',
    title: 'Calisma anketi',
    description: 'Anketi poltem akademi ├ºalanlar tarafindan olusturuldu',
    survey_link: 'tubatubatuba',
    completion_code: '123456789',
    platform: 'Google Forms',
    reward_amount: '25',
    estimated_time: 5,
    total_cost: null,
    status: 'pending',
    created_at: 2026-03-27T11:06:33.914Z,
    creator_id: '4493f459-d874-4cf8-a8bd-bf3b4dacd16f',
    target_audience: null,
    target_gender: null,
    target_age_group: [ '18_24', '25_34', '35_44' ],
    target_city: [ 'aksaray', 'afyonkarahisar', 'agri' ],
    target_occupation: [ 'akademisyen', 'asker' ],
    target_education: [ 'ortaokul' ],
    target_employment_status: [ 'calisiyor' ],
    target_sector: [],
    target_position: [ 'ust_duzey_yonetici', 'alt_duzey_yonetici_takim_lideri' ],
    target_marital_status: [ 'evli', 'bekar' ],
    target_child_count: [ '1', '2', '3', '4', '5+' ],
    target_income: [ '80001_120000', '120001_160000' ],
    duration: null,
    video_conference_optin: false,
    creator_name: 'Tuba ince',
    submission_count: 0
  },
  {
    id: 'a68cefe3-a565-4cc2-a724-d513e0d1e040',
    title: 'deneme',
    description: 'deneme1212',
    survey_link: 'lsdglskghfg',
    completion_code: '222222222',
    platform: 'Google Forms',
    reward_amount: '25',
    estimated_time: 5,
    total_cost: null,
    status: 'completed',
    created_at: 2026-03-24T13:56:53.603Z,
    creator_id: '4493f459-d874-4cf8-a8bd-bf3b4dacd16f',
    target_audience: null,
    target_gender: null,
    target_age_group: [ '18_24', '25_34' ],
    target_city: [],
    target_occupation: [],
    target_education: [ 'ortaokul', 'lise' ],
    target_employment_status: [ 'calismiyor' ],
    target_sector: [],
    target_position: [],
    target_marital_status: [ 'evli' ],
    target_child_count: [ '5+' ],
    target_income: [ '120001_160000' ],
    duration: null,
    video_conference_optin: false,
    creator_name: 'Tuba ince',
    submission_count: 14
  },
  {
    id: '9a8a4af5-60b0-46e4-91e8-f75a8af2611f',
    title: 'll',
    description: 'll',
    survey_link: 'https://www.poltemakademi.com/surveys/new',
    completion_code: 'l',
    platform: 'Google Forms',
    reward_amount: '25',
    estimated_time: 5,
    total_cost: null,
    status: 'pending',
    created_at: 2026-03-12T21:00:57.025Z,
    creator_id: '75d401ce-7c05-4c67-b8dd-265d299b5dbc',
    target_audience: null,
    target_gender: null,
    target_age_group: [],
    target_city: [],
    target_occupation: [],
    target_education: [ 'hepsi' ],
    target_employment_status: [],
    target_sector: [],
    target_position: [],
    target_marital_status: [],
    target_child_count: [],
    target_income: [],
    duration: null,
    video_conference_optin: false,
    creator_name: 'ABDELRAHMAN ABDELRAHMAN',
    submission_count: 0
  },
  {
    id: '693ffbae-5756-4e08-b76b-0da58b7a005b',
    title: 'Tshirt istek formu',
    description: 'tshirt istekleri hakkinda',
    survey_link: 'https://forms.gle/sALR3e8CY9JBkvXs7',
    completion_code: 'AR123456789',
    platform: 'Google Forms',
    reward_amount: '25',
    estimated_time: 5,
    total_cost: null,
    status: null,
    created_at: 2026-03-06T12:16:20.841Z,
    creator_id: '4493f459-d874-4cf8-a8bd-bf3b4dacd16f',
    target_audience: null,
    target_gender: null,
    target_age_group: [],
    target_city: [],
    target_occupation: [ 'muhendis' ],
    target_education: [ 'hepsi' ],
    target_employment_status: [ 'emekli' ],
    target_sector: [],
    target_position: [ 'ust_duzey_yonetici' ],
    target_marital_status: [],
    target_child_count: [ '1' ],
    target_income: [ '0_40000' ],
    duration: null,
    video_conference_optin: false,
    creator_name: 'Tuba ince',
    submission_count: 15
  },
  {
    id: '73fab5e8-91fd-4945-b4fd-9ce7239ee672',
    title: 'deneme 1 poltem akademi',
    description: 'poltem akademinin deneme anketi hakknda bilgi girilecekkshdghdsflghdfhgdlf dfhgodsjghofgh dofhglodhgfodlfgh odfhgxdgfhdfgh ohfoghcifogjh',
    survey_link: 'https://forms.gle/abBa83FUL815k1cB6',
    completion_code: 'PT456575X',
    platform: 'Google Forms',
    reward_amount: '25',
    estimated_time: 5,
    total_cost: null,
    status: 'pending',
    created_at: 2026-03-05T11:09:11.121Z,
    creator_id: '4493f459-d874-4cf8-a8bd-bf3b4dacd16f',
    target_audience: null,
    target_gender: null,
    target_age_group: [],
    target_city: [],
    target_occupation: [],
    target_education: [ 'hepsi' ],
    target_employment_status: [],
    target_sector: [],
    target_position: [],
    target_marital_status: [],
    target_child_count: [],
    target_income: [],
    duration: null,
    video_conference_optin: false,
    creator_name: 'Tuba ince',
    submission_count: 0
  },
  {
    id: '267f2daf-8acb-42fd-8803-4cfec62137ce',
    title: 'Sosyal medya bagimliligi',
    description: 'Sosyal medya',
    survey_link: 'https://forms.gle/fBLqTjWPhwkqGaEY6',
    completion_code: '123ABC123',
    platform: 'Google Forms',
    reward_amount: '29',
    estimated_time: 5,
    total_cost: null,
    status: 'pending',
    created_at: 2026-02-23T18:34:17.475Z,
    creator_id: '4493f459-d874-4cf8-a8bd-bf3b4dacd16f',
    target_audience: null,
    target_gender: null,
    target_age_group: [],
    target_city: [],
    target_occupation: [],
    target_education: [ 'hepsi' ],
    target_employment_status: [],
    target_sector: [],
    target_position: [],
    target_marital_status: [],
    target_child_count: [],
    target_income: [],
    duration: null,
    video_conference_optin: false,
    creator_name: 'Tuba ince',
    submission_count: 14
  },
  {
    id: '3ee69354-9a2c-4586-a7bd-58b17dcc5213',
    title: 'Kahve severler hakkinda',
    description: 'Kahveyi ne kadar sevdiginiz hakkinda bilgi toplamak',
    survey_link: 'https://forms.gle/BHtsNgHGpanoWyPf9',
    completion_code: 'ABC123ABC',
    platform: 'Google Forms',
    reward_amount: '20',
    estimated_time: 5,
    total_cost: '567',
    status: 'completed',
    created_at: 2026-02-22T21:06:01.384Z,
    creator_id: '4493f459-d874-4cf8-a8bd-bf3b4dacd16f',
    target_audience: null,
    target_gender: null,
    target_age_group: [],
    target_city: [],
    target_occupation: [],
    target_education: [ 'doktora' ],
    target_employment_status: [],
    target_sector: [],
    target_position: [],
    target_marital_status: [],
    target_child_count: [],
    target_income: [],
    duration: null,
    video_conference_optin: false,
    creator_name: 'Tuba ince',
    submission_count: 14
  },
  {
    id: 'e82597f9-0ba4-4545-99b7-9faa2649a7f5',
    title: 'Iletisim bilgilerini almak',
    description: 'Katlmclarmzn iletisim bilgilerini almak',
    survey_link: 'https://forms.gle/vUd94CjQzRs7QH8UA',
    completion_code: 'TAMAMLAMA1',
    platform: 'Google Forms',
    reward_amount: '25',
    estimated_time: 5,
    total_cost: null,
    status: 'pending',
    created_at: 2026-02-20T03:59:46.177Z,
    creator_id: '4493f459-d874-4cf8-a8bd-bf3b4dacd16f',
    target_audience: null,
    target_gender: null,
    target_age_group: [],
    target_city: [],
    target_occupation: [],
    target_education: [ 'hepsi' ],
    target_employment_status: [],
    target_sector: [],
    target_position: [],
    target_marital_status: [],
    target_child_count: [],
    target_income: [],
    duration: null,
    video_conference_optin: false,
    creator_name: 'Tuba ince',
    submission_count: 0
  },
  {
    id: '640a0132-61e2-4be4-adc4-15bb7e7d67ab',
    title: 'Parti yorumu',
    description: 'Parti hakknda bilgi toplamak',
    survey_link: 'https://forms.gle/QvjSAsDnZHh8iu2WA',
    completion_code: 'PARTI123',
    platform: 'Google Forms',
    reward_amount: '18.5',
    estimated_time: 5,
    total_cost: '25',
    status: 'completed',
    created_at: 2026-02-16T04:21:06.437Z,
    creator_id: '4493f459-d874-4cf8-a8bd-bf3b4dacd16f',
    target_audience: null,
    target_gender: null,
    target_age_group: [],
    target_city: [],
    target_occupation: [],
    target_education: [],
    target_employment_status: [],
    target_sector: [],
    target_position: [],
    target_marital_status: [],
    target_child_count: [],
    target_income: [],
    duration: null,
    video_conference_optin: false,
    creator_name: 'Tuba ince',
    submission_count: 14
  }
]
